
> backend@1.0.0 build
> tsc

tsconfig.json(22,5): error TS5052: Option 'exactOptionalPropertyTypes' cannot be specified without specifying option 'strictNullChecks'.
